---
source: gengo-impl/src/lib.rs
expression: tokens.to_string()
---
enum Language { PlainText , Rust , }
