---
source: gengo-bin/tests/test_cli.rs
expression: stdout
---
[37;48;2;0;0;0m 40.79% 62      Plain Text[0m
[37;48;2;47;116;192m 40.79% 62      TypeScript[0m
[30;48;2;240;220;78m 18.42% 28      JavaScript[0m
