---
source: gengo-bin/tests/test_cli.rs
expression: stdout
---
18.42% 28 JavaScript
40.79% 62 Plain Text
40.79% 62 TypeScript

