---
source: gengo/tests/analyzers_tests.rs
expression: analyzers.by_shebang(contents)
---
One(
    "fish",
)
