---
source: gengo/tests/analyzers_tests.rs
expression: "analyzers.simple(filepath, contents)"
---
Multiple(
    [
        "json",
        "json with comments",
    ],
)
