---
source: gengo/tests/analyzers_tests.rs
expression: results
---
Multiple(
    [
        "json",
        "json with comments",
    ],
)
