---
source: gengo/tests/analyzers_tests.rs
expression: "analyzers.simple(\"test.sh\", contents)"
---
One(
    "fish",
)
